tsconfig.json(5,5): error TS5098: Option 'resolvePackageJsonExports' can only be used when 'moduleResolution' is set to 'node16', 'nodenext', or 'bundler'.
